// Jest Snapshot v1, https://goo.gl/fbAQLP

exports[`Pruebas en <GifItem/> debe de hacer match con el snapshot  1`] = `
<div>
  <div
    class="card"
  >
    <img
      alt="One-Puch"
      src="http://localhost/holaMundo.jpg"
    />
    <p>
      One-Puch
    </p>
  </div>
</div>
`;
